// Jest Snapshot v1, https://goo.gl/fbAQLP

exports[`can use cjs library in development 1`] = `"Using Headless"`;

exports[`can use cjs library in production 1`] = `"Using Headless"`;
